I'm sorry, but errors were detected in your script. Please correct the
errors listed below, and try again.


File "game/script.rpy", line 180: Line is indented, but the preceding say statement statement does not expect a block. Please check this line's indentation.
    jump choice1_done
    ^

Ren'Py Version: Ren'Py 7.4.4.1439
Thu May 20 09:14:41 2021
